/Users/runner/work/Remli/Remli/Sources/Shared/Services/Intelligence/IntelligenceFactory.swift:63:55: warning: main actor-isolated static property 'shared' can not be referenced from a nonisolated context; this is an error in the Swift 6 language mode
/Users/runner/work/Remli/Remli/Sources/Shared/Services/Connections/Similarity.swift:87:16: warning: result of call to 'withUnsafeMutableBytes' is unused
/Users/runner/work/Remli/Remli/Sources/Shared/Services/Intelligence/IntelligenceFactory.swift:63:55: warning: main actor-isolated static property 'shared' can not be referenced from a nonisolated context; this is an error in the Swift 6 language mode
/Users/runner/work/Remli/Remli/Sources/Shared/Services/Intelligence/IntelligenceFactory.swift:63:55: warning: main actor-isolated static property 'shared' can not be referenced from a nonisolated context; this is an error in the Swift 6 language mode
/Users/runner/work/Remli/Remli/Sources/Shared/Services/Intelligence/IntelligenceFactory.swift:63:55: warning: main actor-isolated static property 'shared' can not be referenced from a nonisolated context; this is an error in the Swift 6 language mode
/Users/runner/work/Remli/Remli/Sources/Shared/Services/Intelligence/IntelligenceFactory.swift:63:55: warning: main actor-isolated static property 'shared' can not be referenced from a nonisolated context; this is an error in the Swift 6 language mode
/Users/runner/work/Remli/Remli/Sources/Shared/Services/Resurfacing/NotificationRouter.swift:35:26: warning: capture of 'userInfo' with non-Sendable type '[AnyHashable : Any]' in a '@Sendable' closure; this is an error in the Swift 6 language mode
/Users/runner/work/Remli/Remli/Sources/Shared/Services/Resurfacing/ResurfacingCoordinator.swift:167:36: warning: main actor-isolated static property 'refreshTaskIdentifier' can not be referenced from a nonisolated context; this is an error in the Swift 6 language mode
/Users/runner/work/Remli/Remli/Sources/Shared/Services/Resurfacing/ResurfacingCoordinator.swift:187:59: warning: main actor-isolated static property 'refreshTaskIdentifier' can not be referenced from a nonisolated context; this is an error in the Swift 6 language mode
/Users/runner/work/Remli/Remli/Sources/Shared/Services/Connections/Similarity.swift:87:16: warning: result of call to 'withUnsafeMutableBytes' is unused
/Users/runner/work/Remli/Remli/Sources/Shared/Services/Intelligence/IntelligenceFactory.swift:63:55: warning: main actor-isolated static property 'shared' can not be referenced from a nonisolated context; this is an error in the Swift 6 language mode
/Users/runner/work/Remli/Remli/Sources/Shared/Services/Intelligence/IntelligenceFactory.swift:63:55: warning: main actor-isolated static property 'shared' can not be referenced from a nonisolated context; this is an error in the Swift 6 language mode
/Users/runner/work/Remli/Remli/Sources/Shared/Services/Resurfacing/NotificationRouter.swift:35:26: warning: capture of 'userInfo' with non-Sendable type '[AnyHashable : Any]' in a '@Sendable' closure; this is an error in the Swift 6 language mode
/Users/runner/work/Remli/Remli/Sources/Shared/Services/Resurfacing/ResurfacingCoordinator.swift:167:36: warning: main actor-isolated static property 'refreshTaskIdentifier' can not be referenced from a nonisolated context; this is an error in the Swift 6 language mode
/Users/runner/work/Remli/Remli/Sources/Shared/Services/Resurfacing/ResurfacingCoordinator.swift:187:59: warning: main actor-isolated static property 'refreshTaskIdentifier' can not be referenced from a nonisolated context; this is an error in the Swift 6 language mode
/Users/runner/work/Remli/Remli/Sources/Shared/Services/Intelligence/IntelligenceFactory.swift:63:55: warning: main actor-isolated static property 'shared' can not be referenced from a nonisolated context; this is an error in the Swift 6 language mode
** BUILD SUCCEEDED **
✘ Test "Migration pulls old colours in and leaves chosen ones alone" recorded an issue at SpacePaletteTests.swift:219:9: Expectation failed: (changed → 4) == 1
✘ Test "Migration pulls old colours in and leaves chosen ones alone" failed after 0.013 seconds with 1 issue.
✘ Test "Running the migration twice changes nothing the second time" recorded an issue at SpacePaletteTests.swift:232:9: Expectation failed: (IdeaCategory.harmonisePalette(in: context) → 8) == 4
✘ Test "Running the migration twice changes nothing the second time" failed after 0.007 seconds with 1 issue.
✘ Suite "Space colour choice" failed after 0.276 seconds with 2 issues.
✘ Test run with 99 tests in 13 suites failed after 4.528 seconds with 2 issues.
** TEST FAILED **
